[gerenciales.com/index.html]
[backblue.gif]
[fade.gif]
[index.html]
[ajax.googleapis.com/ajax/libs/jquery/1.7.1/jquery.min.js]
[gerenciales.com/js/lib/jquery-ui-1.8.12.custom.min.js]
[gerenciales.com/js/lib/jquery.alphanumeric.pack.js]
[gerenciales.com/js/lib/jquery.jqtransform.js]
[gerenciales.com/js/lib/waypoints.min.js]
[gerenciales.com/js/lib/bootstrap.min.js]
[gerenciales.com/js/lib/easySlider1.7.7.js]
[gerenciales.com/js/noty/jquery.noty.js]
[gerenciales.com/js/noty/layouts/bottomLeft.js]
[gerenciales.com/js/noty/layouts/center.js]
[gerenciales.com/js/noty/layouts/centerRight.js]
[gerenciales.com/js/noty/layouts/top.js]
[gerenciales.com/js/validator/jquery.validate.js]
[gerenciales.com/js/validator/messages_es.js]
[gerenciales.com/js/lib/moments/moment.min.js]
[gerenciales.com/js/lib/moments/moment-with-langs.js]
[gerenciales.com/img/icons/logo_sg.png]
[gerenciales.com/gold_membership.html]
[gerenciales.com/site/contacto.html]
[gerenciales.com/img/eventos/thumbs/3378_secretarias_asistent_th.jpg]
[pagead2.googlesyndication.com/pagead/js/f.txt]
[gerenciales.com/site/aspirantes_ponente.html]
[gerenciales.com/img/eventos/3128_hiper_excel_sl2.jpg]
[gerenciales.com/eventos/ver/3331/javascript-para-desarrollo-web-front-end-tiempo-real-venezuela.html]
[gerenciales.com/img/eventos/3340_calidad_empresarial_sl.jpg]
[gerenciales.com/eventos/ver/3363/certificacion-especialista-planilla-panama.html]
[gerenciales.com/eventos/ver/3291/gestion-credito-cobranza-venezuela.html]
[gerenciales.com/img/eventos/3370_reenfoque_de_las_ope_sl.jpg]
[gerenciales.com/img/eventos/1604_sipe_en_lnea_la_pl_sl.jpg]
[gerenciales.com/eventos/ver/3359/sipe-linea-planilla-calculo-horas-extras-liquidaciones-sisso-panama.html]
[gerenciales.com/img/icons/flags48/pa67ed.png]
[gerenciales.com/img/icons/flags48/la67ed.png]
[gerenciales.com/eventos/ver/3327/paginas-web-tiempo-real-ajax-jquery-mysql-venezuela.html]
[gerenciales.com/eventos/ver/3372/como-elaborar-plan-negocios-venezuela.html]
[gerenciales.com/eventos/ver/3374/logistica-para-personal-no-logisticos-venezuela.html]
[gerenciales.com/eventos/ver/3376/reduccion-costos-logisticos-venezuela.html]
[gerenciales.com/eventos/ver/3400/gestion-ventas-internacionales-exportaciones-bajo-nuevo-sistema-administrativo-cambiario-prov-014-cencoex-venezuela.html]
[gerenciales.com/eventos/ver/3379/supervisor-hombre-clave-relaciones-laborales-venezuela.html]
[gerenciales.com/eventos/ver/3315/como-prepararse-para-inspeccion-mpppst-venezuela.html]
[gerenciales.com/eventos/ver/3390/gestion-finanzas-negocios-venezuela.html]
[gerenciales.com/eventos/ver/3395/como-enfrentar-crisis-negocio-venezuela.html]
[gerenciales.com/img/icons/flag_contact/panama.png]
[connect.facebook.net/en_US/fbevents.js]
[www.google-analytics.com/analytics.js]
[d31qbv1cthcecs.cloudfront.net/atrk.js]
[d5nxst8fruw4z.cloudfront.net/atrkf66c.gif]
[gerenciales.com/index.html]
[gerenciales.com/fonts/glyphicons-halflings-regular.eot]
[gerenciales.com/fonts/glyphicons-halflings-regulard41d.eot]
[gerenciales.com/favicon.ico]
[gerenciales.com/fonts/glyphicons-halflings-regular.ttf]
[gerenciales.com/css/bootstrap.min.css]
[gerenciales.com/css/images/ui-bg_glass_75_ffffff_1x400.png]
[gerenciales.com/css/images/ui-bg_glass_75_dadada_1x400.png]
[gerenciales.com/css/images/ui-bg_glass_55_fbf9ee_1x400.png]
[gerenciales.com/css/images/ui-icons_888888_256x240.png]
[gerenciales.com/css/images/ui-icons_2e83ff_256x240.png]
[gerenciales.com/css/img/btn_right.gif]
[gerenciales.com/css/img/input/input_text_left.gif]
[gerenciales.com/css/img/textarea/textarea_tl.gif]
[gerenciales.com/css/img/textarea/textarea_tr.gif]
[gerenciales.com/css/img/textarea/textarea-mm.gif]
[gerenciales.com/css/img/textarea/textarea_bl.gif]
[gerenciales.com/css/img/textarea/textarea_br.gif]
[gerenciales.com/css/img/textarea/textarea-mm-focus.gif]
[gerenciales.com/css/img/checkbox.gif]
[gerenciales.com/css/img/select_right.gif]
[gerenciales.com/css/frameworks_mix.css]
[gerenciales.com/js/lib/jquery.lazyload.min.js]
[gerenciales.com/js/lib/jquery.form.js]
[gerenciales.com/js/noty/layouts/bottomRight.js]
[gerenciales.com/js/noty/layouts/centerLeft.js]
[gerenciales.com/js/lib/jQuery.HTML5izer.placeholder.min.js]
[gerenciales.com/js/lib/moments/moment-with-langs.min.js]
[gerenciales.com/js/core67ed.js]
[gerenciales.com/perfil/login]
[gerenciales.com/eventos/ver/3399/herramientas-para-gestion-negocios-venezuela.html]
[gerenciales.com/eventos/ver/3289/tributos-para-directivos-no-tributaristas-online-venezuela.html]
[gerenciales.com/eventos/ver/3375/logistica-para-personal-no-logisticos-online-venezuela.html]
[gerenciales.com/eventos/ver/3377/reduccion-costos-logisticos-online-venezuela.html]
[gerenciales.com/eventos/ver/3401/gestion-ventas-internacionales-exportaciones-bajo-nuevo-sistema-administrativo-cambiario-prov-014-cencoex-online-venezuela.html]
[gerenciales.com/eventos/ver/3389/indicadores-gestion-procesos-negocio-online-venezuela.html]
[gerenciales.com/eventos/ver/3380/supervisor-hombre-clave-relaciones-laborales-online-venezuela.html]
[gerenciales.com/eventos/ver/3316/como-prepararse-para-inspeccion-mpppst-online-venezuela.html]
[gerenciales.com/eventos/ver/3391/gestion-finanzas-negocios-online-venezuela.html]
[gerenciales.com/eventos/ver/3317/como-prepararse-para-inspeccion-mpppst-venezuela.html]
[gerenciales.com/eventos/ver/3398/como-enfrentar-crisis-negocio-venezuela.html]
[gerenciales.com/img/icons/pa.png]
[gerenciales.com/eventos/ver/3367/auditoria-fiscal-online-panama.html]
[gerenciales.com/eventos/ver/3360/sipe-linea-planilla-calculo-horas-extras-liquidaciones-sisso-online-panama.html]
[gerenciales.com/eventos/ver/3368/itbms-contabilidad-retencion-declaracion-pago-agentes-retencion-retenidos-2016-panama.html]
[gerenciales.com/eventos/ver/3402/se-encuentra-su-empresa-preparada-para-resistir-alcance-auditoria-caja-seguro-social-panama.html]
[gerenciales.com/img/gold_slide.jpg]
[gerenciales.com/img/boton-tarjeta-gold3860.png]
[gerenciales.com/img/icons/ve_button.png]
[gerenciales.com/img/icons/pa_button.png]
[gerenciales.com/gold_membership.html]
[gerenciales.com/img/icons/flag_contact/peru.png]
[gerenciales.com/site/contacto.html]
[gerenciales.com/liveadmin/client5106.js]
[gerenciales.com/site/aspirantes_ponente.html]
[gerenciales.com/img/the_bizz_winner2.png]
[gerenciales.com/img/eventos/thumbs/3331_javascript_para_el_d_th1.jpg]
[gerenciales.com/eventos/ver/3378/secretarias-asistentes-recepcionistas-venezuela]
[gerenciales.com/eventos/ver/3276/hiper-excel-venezuela]
[www.google.com/recaptcha/api85f1.js]
[gerenciales.com/js/acordeonDiplomado/acordeon1bce.js]
[gerenciales.com/site/modulosDiplomado/3331.html]
[gerenciales.com/img/icons/visa_master.png]
[gerenciales.com/img/banners/promociones_varias.png]
[gerenciales.com/img/descuentos_gold/descuento10.png]
[gerenciales.com/reservaciones/incompany/3331/true.html]
[gerenciales.com/js/lib/modal.js]
[apis.google.com/js/plusone.js]
[platform.twitter.com/widgets.js]
[gerenciales.com/eventos/ver/3331/javascript-para-desarrollo-web-front-end-tiempo-real-venezuela.html]
[gerenciales.com/pagos/ve/index7459.html]
[gerenciales.com/img/eventos/3331_javascript_para_el_d_sl1.jpg]
[gerenciales.com/img/eventos/thumbs/3363_certificacin_especia_th1.jpg]
[gerenciales.com/img/icons/flags32/pa.png]
[gerenciales.com/eventos/ver/3340/calidad-empresarial-venezuela]
[gerenciales.com/reservaciones/incompany/3363/true.html]
[gerenciales.com/pagos/panama/tarjeta_credito.html]
[gerenciales.com/eventos/ver/3363/certificacion-especialista-planilla-panama.html]
[gerenciales.com/img/eventos/thumbs/1234_gestin_de_crdito_y_c_th.png]
[gerenciales.com/reservaciones/juridica/3291/ve/presencial.html]
[gerenciales.com/eventos/ver/3291/gestion-credito-cobranza-venezuela.html]
[gerenciales.com/img/eventos/1234_gestin_de_crdito_y_c_sl.jpg]
[gerenciales.com/eventos/ver/3370/reenfoque-operaciones-almacenaje-distribucion-venezuela]
[gerenciales.com/pagos/ve/index4a4e.html]
[gerenciales.com/reservaciones/juridica/3359/pa/presencial.html]
[gerenciales.com/eventos/ver/3359/sipe-linea-planilla-calculo-horas-extras-liquidaciones-sisso-panama.html]
[gerenciales.com/img/icons/flags48/ve67ed.png]
[gerenciales.com/img/icons/flags48/rd67ed.png]
[gerenciales.com/img/icons/flags32/ve67ed.png]
[gerenciales.com/eventos/ver/3327/paginas-web-tiempo-real-ajax-jquery-mysql-venezuela.html]
[gerenciales.com/eventos/ver/3288/tributos-para-directivos-no-tributaristas-venezuela]
[gerenciales.com/img/eventos/thumbs/3372_como_elaborar_un_pla_th.jpg]
[gerenciales.com/reservaciones/juridica/3372/ve/presencial.html]
[gerenciales.com/eventos/ver/3372/como-elaborar-plan-negocios-venezuela.html]
[gerenciales.com/eventos/ver/3336/lean-manufacturing-venezuela]
[gerenciales.com/img/eventos/thumbs/3374_logstica_para_person_th.jpg]
[gerenciales.com/reservaciones/juridica/3374/ve/presencial.html]
[gerenciales.com/eventos/ver/3374/logistica-para-personal-no-logisticos-venezuela.html]
[gerenciales.com/img/eventos/thumbs/3376_reduccin_de_costos_l_th.jpg]
[gerenciales.com/img/eventos/3376_reduccin_de_costos_l_sl.jpg]
[gerenciales.com/reservaciones/incompany/3376/true.html]
[gerenciales.com/eventos/ver/3376/reduccion-costos-logisticos-venezuela.html]
[gerenciales.com/img/eventos/thumbs/3400_gestin_de_ventas_int_th.jpg]
[gerenciales.com/img/eventos/3400_gestin_de_ventas_int_sl1.jpg]
[gerenciales.com/reservaciones/juridica/3400/ve/presencial.html]
[gerenciales.com/eventos/ver/3400/gestion-ventas-internacionales-exportaciones-bajo-nuevo-sistema-administrativo-cambiario-prov-014-cencoex-venezuela.html]
[gerenciales.com/img/eventos/thumbs/3379_el_supervisor_hombre_th.jpg]
[gerenciales.com/eventos/ver/3382/documentacion-para-sistemas-gestion-iso-9001-iso-14001-osha-18001-venezuela]
[gerenciales.com/reservaciones/natural/3379/ve/presencial.html]
[gerenciales.com/eventos/ver/3379/supervisor-hombre-clave-relaciones-laborales-venezuela.html]
[gerenciales.com/img/eventos/thumbs/2145_cmo_prepararse_para_th.jpg]
[gerenciales.com/img/eventos/2145_cmo_prepararse_para_sl.jpg]
[gerenciales.com/eventos/ver/3388/indicadores-gestion-procesos-negocio-venezuela]
[gerenciales.com/reservaciones/juridica/3315/ve/presencial.html]
[gerenciales.com/eventos/ver/3315/como-prepararse-para-inspeccion-mpppst-venezuela.html]
[gerenciales.com/img/eventos/thumbs/3390_gestin_de_finanzas_e_th.jpg]
[gerenciales.com/eventos/ver/3338/sixsigma-sus-ventajas-competitivas-venezuela]
[gerenciales.com/reservaciones/juridica/3390/ve/presencial.html]
[gerenciales.com/eventos/ver/3390/gestion-finanzas-negocios-venezuela.html]
[gerenciales.com/eventos/ver/3393/gestion-tributaria-empresas-venezuela]
[gerenciales.com/img/eventos/3395_cmo_enfrentar_la_cri_sl.jpg]
[gerenciales.com/reservaciones/natural/3395/ve/presencial.html]
[gerenciales.com/reservaciones/incompany/3395/true.html]
[gerenciales.com/eventos/ver/3395/como-enfrentar-crisis-negocio-venezuela.html]
[connect.facebook.net/en_US/fbevents.js]
[gerenciales.com/img/icons/flag_contact/republica_dominicana.png]
[gerenciales.com/css/font-awesome-4.6.1/fonts/fontawesome-webfont914c.eot]
[gerenciales.com/css/font-awesome-4.6.1/fonts/fontawesome-webfont914c.woff]
[gerenciales.com/css/font-awesome-4.6.1/css/font-awesome.min.css]
[gerenciales.com/css/images/ui-bg_flat_0_aaaaaa_40x100.png]
[gerenciales.com/css/images/ui-bg_glass_75_e6e6e6_1x400.png]
[gerenciales.com/css/images/ui-bg_inset-soft_95_fef1ec_1x100.png]
[gerenciales.com/css/img/input/input_text_right.gif]
[gerenciales.com/css/img/textarea/textarea_tm.gif]
[gerenciales.com/css/images/ui-icons_454545_256x240.png]
[gerenciales.com/css/img/textarea/textarea_mr.gif]
[gerenciales.com/css/validator/validator67ed.css]
[gerenciales.com/css/img/radio.gif]
[gerenciales.com/css/img/select_left.gif]
[gerenciales.com/js/noty/layouts/bottom.js]
[gerenciales.com/js/config67ed.js]
[gerenciales.com/perfil/olvido_codigo.html]
[gerenciales.com/perfil/login]
[gerenciales.com/js/noty/themes/default.js]
[gerenciales.com/img/eventos/3399_herramientas_para_la_sl1.jpg]
[gerenciales.com/reservaciones/natural/3399/ve/presencial.html]
[gerenciales.com/eventos/ver/3399/herramientas-para-gestion-negocios-venezuela.html]
[gerenciales.com/eventos/ver/3328/paginas-web-tiempo-real-ajax-jquery-mysql-online-venezuela]
[gerenciales.com/eventos/ver/3292/gestion-credito-cobranza-online-venezuela]
[gerenciales.com/img/eventos/thumbs/3288_tributos_para_direct_th.jpg]
[gerenciales.com/reservaciones/natural/3289/ve/online.html]
[gerenciales.com/reservaciones/incompany/3289/true.html]
[gerenciales.com/eventos/ver/3289/tributos-para-directivos-no-tributaristas-online-venezuela.html]
[gerenciales.com/img/eventos/thumbs/3375_logstica_para_person_th.jpg]
[gerenciales.com/eventos/ver/3337/lean-manufacturing-online-venezuela]
[gerenciales.com/reservaciones/incompany/3375/true.html]
[gerenciales.com/eventos/ver/3375/logistica-para-personal-no-logisticos-online-venezuela.html]
[gerenciales.com/img/eventos/thumbs/3377_reduccin_de_costos_l_th.jpg]
[gerenciales.com/img/eventos/3377_reduccin_de_costos_l_sl.jpg]
[gerenciales.com/sala_online/prueba/3377.html]
[gerenciales.com/reservaciones/juridica/3377/ve/online.html]
[gerenciales.com/eventos/ver/3377/reduccion-costos-logisticos-online-venezuela.html]
[gerenciales.com/img/eventos/3401_gestin_de_ventas_int_sl.jpg]
[gerenciales.com/eventos/ver/3387/gestion-estrategica-balanced-scorecard-online-venezuela]
[gerenciales.com/reservaciones/juridica/3401/ve/online.html]
[gerenciales.com/eventos/ver/3401/gestion-ventas-internacionales-exportaciones-bajo-nuevo-sistema-administrativo-cambiario-prov-014-cencoex-online-venezuela.html]
[gerenciales.com/img/eventos/thumbs/3380_el_supervisor_hombre_th.jpg]
[gerenciales.com/eventos/ver/3383/documentacion-para-sistemas-gestion-iso-9001-iso-14001-osha-18001-online-venezuela]
[gerenciales.com/reservaciones/natural/3380/ve/online.html]
[gerenciales.com/eventos/ver/3380/supervisor-hombre-clave-relaciones-laborales-online-venezuela.html]
[gerenciales.com/img/eventos/thumbs/3388_indicadores_de_gesti_th.jpg]
[gerenciales.com/img/eventos/3388_indicadores_de_gesti_sl.jpg]
[gerenciales.com/sala_online/prueba/3389.html]
[gerenciales.com/reservaciones/incompany/3389/true.html]
[gerenciales.com/eventos/ver/3389/indicadores-gestion-procesos-negocio-online-venezuela.html]
[gerenciales.com/reservaciones/juridica/3389/ve/online.html]
[gerenciales.com/eventos/ver/3290/tributos-para-directivos-no-tributaristas-venezuela]
[gerenciales.com/reservaciones/juridica/3316/ve/online.html]
[gerenciales.com/reservaciones/incompany/3316/true.html]
[gerenciales.com/eventos/ver/3316/como-prepararse-para-inspeccion-mpppst-online-venezuela.html]
[gerenciales.com/reservaciones/natural/3316/ve/online.html]
[gerenciales.com/reservaciones/natural/3391/ve/online.html]
[gerenciales.com/reservaciones/incompany/3391/true.html]
[gerenciales.com/eventos/ver/3391/gestion-finanzas-negocios-online-venezuela.html]
[gerenciales.com/reservaciones/juridica/3317/ve/presencial.html]
[gerenciales.com/eventos/ver/3317/como-prepararse-para-inspeccion-mpppst-venezuela.html]
[gerenciales.com/eventos/ver/3394/gestion-tributaria-empresas-online-venezuela]
[gerenciales.com/img/eventos/thumbs/3398_cmo_enfrentar_la_cri_th.jpg]
[gerenciales.com/reservaciones/incompany/3398/true.html]
[gerenciales.com/eventos/ver/3398/como-enfrentar-crisis-negocio-venezuela.html]
[gerenciales.com/img/eventos/thumbs/3366_auditoria_fiscal_th.jpg]
[gerenciales.com/eventos/ver/3366/auditoria-fiscal-panama]
[gerenciales.com/img/eventos/3366_auditoria_fiscal_sl2.jpg]
[gerenciales.com/reservaciones/natural/3367/pa/online.html]
[gerenciales.com/reservaciones/incompany/3367/true.html]
[gerenciales.com/eventos/ver/3367/auditoria-fiscal-online-panama.html]
[gerenciales.com/reservaciones/natural/3360/pa/online.html]
[gerenciales.com/reservaciones/juridica/3360/pa/online.html]
[gerenciales.com/eventos/ver/3360/sipe-linea-planilla-calculo-horas-extras-liquidaciones-sisso-online-panama.html]
[gerenciales.com/eventos/ver/3385/etax-2-0-despeje-dudas-plataforma-tributaria-ayudas-expertos-panama]
[gerenciales.com/img/eventos/thumbs/3368_itbms_contabilidad_th.jpg]
[gerenciales.com/reservaciones/incompany/3368/true.html]
[gerenciales.com/eventos/ver/3368/itbms-contabilidad-retencion-declaracion-pago-agentes-retencion-retenidos-2016-panama.html]
[gerenciales.com/img/eventos/thumbs/2700_se_encuentra_su_empr_th.jpg]
[gerenciales.com/img/eventos/2700_se_encuentra_su_empr_sl.jpg]
[gerenciales.com/reservaciones/natural/3402/pa/presencial.html]
[gerenciales.com/reservaciones/incompany/3402/true.html]
[gerenciales.com/eventos/ver/3402/se-encuentra-su-empresa-preparada-para-resistir-alcance-auditoria-caja-seguro-social-panama.html]
[gerenciales.com/site/empresa]
[gerenciales.com/img/icons/flag_contact/argentina.png]
[gerenciales.com/img/icons/flag_contact/colombia.png]
[gerenciales.com/incompany]
[gerenciales.com/img/eventos/3378_secretarias_asistent_sl1.jpg]
[gerenciales.com/reservaciones/natural/3378/ve/presencial.html]
[gerenciales.com/reservaciones/incompany/3378/true.html]
[gerenciales.com/eventos/ver/3378/secretarias-asistentes-recepcionistas-venezuela]
[gerenciales.com/reservaciones/incompany/3276/true.html]
[gerenciales.com/eventos/ver/3276/hiper-excel-venezuela]
[gerenciales.com/img/icons/flags32/ve.png]
[gerenciales.com/js/core_reservaciones887a.js]
[gerenciales.com/site/croquis/1]
[ajax.googleapis.com/ajax/libs/jquery/1.4.3/jquery.min.js]
[gerenciales.com/site/modulosDiplomado/3331.html]
[gerenciales.com/reservaciones/incompany/3331/true.html]
[gerenciales.com/img/banners/promocion-estudiantes-2013.png]
[gerenciales.com/site/hoteles/valencia]
[gerenciales.com/pagos/ve/js/jquery.min.js]
[gerenciales.com/pagos/ve/js/jquery-ui-1.8.12.custom.min.js]
[gerenciales.com/pagos/ve/js/jquery.alphanumeric.pack.js]
[gerenciales.com/pagos/ve/js/custom3860.js]
[gerenciales.com/pagos/ve/index7459.html]
[gerenciales.com/img/icons/ajax_load.gif]
[gerenciales.com/img/icons/talonario.png]
[gerenciales.com/img/eventos/thumbs/3340_calidad_empresarial_th1.jpg]
[gerenciales.com/img/facilitadores/Amelia Belloso.jpg.jpg]
[gerenciales.com/reservaciones/incompany/3340/true.html]
[gerenciales.com/eventos/ver/3340/calidad-empresarial-venezuela]
[gerenciales.com/reservaciones/incompany/3363/true.html]
[gerenciales.com/site/modulosDiplomado/3363]
[gerenciales.com/js/lib/jquery-ui.datepicker-es.js]
[gerenciales.com/pagos/panama/tarjeta_credito.html]
[gerenciales.com/pagos/terminos_cond/pa.html]
[gerenciales.com/img/icons/master_rd67ed.png]
[gerenciales.com/img/eventos/3363_certificacin_especia_sl2.jpg]
[gerenciales.com/css/acordeonDiplomado/acordeon4b82.css]
[gerenciales.com/css/prompt/jquery-impromptu.min.css]
[gerenciales.com/js/prompt/jquery-impromptu.min.js]
[gerenciales.com/reservaciones/juridica/3291/ve/presencial.html]
[gerenciales.com/pagos/panama/dep_tra]
[gerenciales.com/pagos/ve/index4a4e.html]
[gerenciales.com/img/eventos/thumbs/567_reenfoque_de_las_ope_th1.jpg]
[gerenciales.com/reservaciones/incompany/3291/true]
[gerenciales.com/eventos/ver/3370/reenfoque-operaciones-almacenaje-distribucion-venezuela]
[gerenciales.com/css/acordeonDiplomado/acordeonfbf5.css]
[gerenciales.com/reservaciones/juridica/3359/pa/presencial.html]
[gerenciales.com/img/eventos/thumbs/1604_sipe_en_lnea_la_pl_th.jpg]
[gerenciales.com/reservaciones/incompany/3359/true]
[gerenciales.com/img/eventos/3327_pginas_web_en_tiempo_sl.jpg]
[gerenciales.com/reservaciones/incompany/3327/true]
[gerenciales.com/reservaciones/natural/3359/pa/presencial]
[gerenciales.com/reservaciones/juridica/3288/ve/presencial.html]
[gerenciales.com/eventos/ver/3288/tributos-para-directivos-no-tributaristas-venezuela]
[gerenciales.com/css/acordeonDiplomado/acordeon6fad.css]
[gerenciales.com/reservaciones/juridica/3372/ve/presencial.html]
[gerenciales.com/reservaciones/incompany/3372/true]
[gerenciales.com/reservaciones/natural/3372/ve/presencial]
[gerenciales.com/img/facilitadores/victorleon.jpg]
[gerenciales.com/img/eventos/thumbs/3336_lean_manufacturing_th.jpg]
[gerenciales.com/reservaciones/juridica/3336/ve/presencial.html]
[gerenciales.com/eventos/ver/3336/lean-manufacturing-venezuela]
[gerenciales.com/css/acordeonDiplomado/acordeon810e.css]
[gerenciales.com/reservaciones/juridica/3374/ve/presencial.html]
[gerenciales.com/css/acordeonDiplomado/acordeon7b1b.css]
[gerenciales.com/reservaciones/incompany/3374/true]
[gerenciales.com/reservaciones/natural/3376/ve/presencial]
[gerenciales.com/reservaciones/incompany/3376/true.html]
[gerenciales.com/eventos/ver/3329/interfaz-usuario-graficos-dinamicos-jquery-ui-charts-js-venezuela]
[gerenciales.com/css/acordeonDiplomado/acordeond0f0.css]
[gerenciales.com/reservaciones/juridica/3400/ve/presencial.html]
[gerenciales.com/reservaciones/natural/3374/ve/presencial]
[gerenciales.com/reservaciones/incompany/3400/true]
[gerenciales.com/reservaciones/natural/3400/ve/presencial]
[gerenciales.com/img/eventos/thumbs/3382_documentacin_para_si_th.jpg]
[gerenciales.com/img/eventos/3382_documentacin_para_si_sl.jpg]
[gerenciales.com/reservaciones/juridica/3382/ve/presencial.html]
[gerenciales.com/reservaciones/incompany/3382/true.html]
[gerenciales.com/eventos/ver/3382/documentacion-para-sistemas-gestion-iso-9001-iso-14001-osha-18001-venezuela]
[gerenciales.com/css/acordeonDiplomado/acordeona56c.css]
[gerenciales.com/reservaciones/natural/3379/ve/presencial.html]
[gerenciales.com/reservaciones/incompany/3379/true]
[gerenciales.com/img/facilitadores/Fran.jpg.jpg]
[gerenciales.com/reservaciones/juridica/3379/ve/presencial]
[gerenciales.com/reservaciones/natural/3388/ve/presencial.html]
[gerenciales.com/reservaciones/incompany/3388/true.html]
[gerenciales.com/eventos/ver/3388/indicadores-gestion-procesos-negocio-venezuela]
[gerenciales.com/reservaciones/juridica/3315/ve/presencial.html]
[gerenciales.com/img/eventos/thumbs/3338_sixsigma_y_sus_venta_th.jpg]
[gerenciales.com/reservaciones/incompany/3315/true]
[gerenciales.com/img/eventos/3338_sixsigma_y_sus_venta_sl.jpg]
[gerenciales.com/reservaciones/natural/3315/ve/presencial]
[gerenciales.com/reservaciones/natural/3338/ve/presencial.html]
[gerenciales.com/eventos/ver/3338/sixsigma-sus-ventajas-competitivas-venezuela]
[gerenciales.com/css/acordeonDiplomado/acordeon895d.css]
[gerenciales.com/reservaciones/juridica/3390/ve/presencial.html]
[gerenciales.com/img/eventos/thumbs/3393_gestin_tributaria_de_th.jpg]
[gerenciales.com/reservaciones/incompany/3390/true]
[gerenciales.com/reservaciones/natural/3390/ve/presencial]
[gerenciales.com/reservaciones/natural/3393/ve/presencial.html]
[gerenciales.com/reservaciones/incompany/3393/true.html]
[gerenciales.com/eventos/ver/3393/gestion-tributaria-empresas-venezuela]
[gerenciales.com/reservaciones/natural/3395/ve/presencial.html]
[gerenciales.com/reservaciones/incompany/3395/true.html]
[gerenciales.com/css/font-awesome-4.6.1/fonts/fontawesome-webfont914c.html]
[gerenciales.com/css/font-awesome-4.6.1/fonts/fontawesome-webfont914c.svg]
[gerenciales.com/reservaciones/juridica/3395/ve/presencial]
[gerenciales.com/fonts/glyphicons-halflings-regular.svg]
[gerenciales.com/css/font-awesome-4.6.1/fonts/fontawesome-webfont914c.ttf]
[gerenciales.com/fonts/glyphicons-halflings-regular.woff]
[gerenciales.com/css/images/ui-bg_highlight-soft_75_cccccc_1x100.png]
[gerenciales.com/css/images/ui-icons_cd0a0a_256x240.png]
[gerenciales.com/css/img/textarea/textarea_ml.gif]
[gerenciales.com/css/basee5c6.css]
[gerenciales.com/js/noty/layouts/bottomCenter.js]
[gerenciales.com/js/noty/layouts/inline.js]
[gerenciales.com/css/img/textarea/textarea-mm-hover.gif]
[gerenciales.com/perfil/olvido_codigo.html]
[gerenciales.com/img/icons/ve.png]
[gerenciales.com/img/eventos/thumbs/3399_herramientas_para_la_th1.jpg]
[gerenciales.com/css/acordeonDiplomado/acordeon94f3.css]
[gerenciales.com/reservaciones/natural/3399/ve/presencial.html]
[gerenciales.com/reservaciones/juridica/3399/ve/presencial]
[gerenciales.com/sala_online/prueba/3328.html]
[gerenciales.com/eventos/ver/3328/paginas-web-tiempo-real-ajax-jquery-mysql-online-venezuela]
[gerenciales.com/reservaciones/juridica/3292/ve/online.html]
[gerenciales.com/eventos/ver/3292/gestion-credito-cobranza-online-venezuela]
[gerenciales.com/css/acordeonDiplomado/acordeonb266.css]
[gerenciales.com/reservaciones/natural/3289/ve/online.html]
[gerenciales.com/img/eventos/3288_tributos_para_direct_sl.jpg]
[gerenciales.com/sala_online/prueba/3289]
[gerenciales.com/reservaciones/incompany/3289/true.html]
[gerenciales.com/reservaciones/juridica/3289/ve/online]
[gerenciales.com/eventos/ver/3371/reenfoque-operaciones-almacenaje-distribucion-online-venezuela]
[gerenciales.com/reservaciones/natural/3337/ve/online.html]
[gerenciales.com/reservaciones/incompany/3337/true.html]
[gerenciales.com/eventos/ver/3337/lean-manufacturing-online-venezuela]
[gerenciales.com/css/acordeonDiplomado/acordeonc432.css]
[gerenciales.com/sala_online/prueba/3375]
[gerenciales.com/reservaciones/natural/3375/ve/online]
[gerenciales.com/reservaciones/incompany/3375/true.html]
[gerenciales.com/reservaciones/juridica/3375/ve/online]
[gerenciales.com/img/img_sala_prueba.png]
[gerenciales.com/sala_online/prueba/3377.html]
[gerenciales.com/reservaciones/juridica/3377/ve/online.html]
[gerenciales.com/reservaciones/incompany/3377/true]
[gerenciales.com/reservaciones/natural/3377/ve/online]
[gerenciales.com/reservaciones/natural/3387/ve/online.html]
[gerenciales.com/reservaciones/incompany/3387/true.html]
[gerenciales.com/eventos/ver/3387/gestion-estrategica-balanced-scorecard-online-venezuela]
[gerenciales.com/css/acordeonDiplomado/acordeona7e8.css]
[gerenciales.com/reservaciones/juridica/3401/ve/online.html]
[gerenciales.com/img/eventos/thumbs/3383_documentacin_para_si_th.jpg]
[gerenciales.com/reservaciones/natural/3401/ve/online]
[gerenciales.com/reservaciones/incompany/3401/true]
[gerenciales.com/img/eventos/3383_documentacin_para_si_sl.jpg]
[gerenciales.com/reservaciones/natural/3383/ve/online.html]
[gerenciales.com/eventos/ver/3383/documentacion-para-sistemas-gestion-iso-9001-iso-14001-osha-18001-online-venezuela]
[gerenciales.com/css/acordeonDiplomado/acordeond430.css]
[gerenciales.com/reservaciones/natural/3380/ve/online.html]
[gerenciales.com/img/eventos/3380_el_supervisor_hombre_sl.jpg]
[gerenciales.com/sala_online/prueba/3380]
[gerenciales.com/reservaciones/juridica/3380/ve/online]
[gerenciales.com/sala_online/prueba/3389.html]
[gerenciales.com/reservaciones/juridica/3389/ve/online.html]
[gerenciales.com/reservaciones/incompany/3389/true.html]
[gerenciales.com/reservaciones/natural/3389/ve/online]
[gerenciales.com/reservaciones/natural/3290/ve/presencial.html]
[gerenciales.com/eventos/ver/3381/supervisor-hombre-clave-relaciones-laborales-venezuela]
[gerenciales.com/reservaciones/incompany/3290/true.html]
[gerenciales.com/eventos/ver/3290/tributos-para-directivos-no-tributaristas-venezuela]
[gerenciales.com/css/acordeonDiplomado/acordeonc0eb.css]
[gerenciales.com/reservaciones/natural/3316/ve/online.html]
[gerenciales.com/reservaciones/juridica/3316/ve/online.html]
[gerenciales.com/reservaciones/incompany/3316/true.html]
[gerenciales.com/css/acordeonDiplomado/acordeon3975.css]
[gerenciales.com/reservaciones/natural/3391/ve/online.html]
[gerenciales.com/sala_online/prueba/3391]
[gerenciales.com/reservaciones/juridica/3391/ve/online]
[gerenciales.com/reservaciones/incompany/3391/true.html]
[gerenciales.com/css/acordeonDiplomado/acordeon4290.css]
[gerenciales.com/reservaciones/juridica/3317/ve/presencial.html]
[gerenciales.com/reservaciones/incompany/3317/true]
[gerenciales.com/reservaciones/juridica/3394/ve/online.html]
[gerenciales.com/eventos/ver/3394/gestion-tributaria-empresas-online-venezuela]
[gerenciales.com/css/acordeonDiplomado/acordeonb0b6.css]
[gerenciales.com/img/eventos/3398_cmo_enfrentar_la_cri_sl.jpg]
[gerenciales.com/reservaciones/incompany/3398/true.html]
[gerenciales.com/reservaciones/juridica/3398/ve/presencial]
[gerenciales.com/reservaciones/incompany/3366/true.html]
[gerenciales.com/eventos/ver/3366/auditoria-fiscal-panama]
[gerenciales.com/reservaciones/natural/3367/pa/online.html]
[gerenciales.com/reservaciones/natural/3398/ve/presencial]
[gerenciales.com/reservaciones/incompany/3367/true.html]
[gerenciales.com/sala_online/prueba/3367]
[gerenciales.com/css/acordeonDiplomado/acordeon4ce7.css]
[gerenciales.com/reservaciones/natural/3360/pa/online.html]
[gerenciales.com/reservaciones/juridica/3360/pa/online.html]
[gerenciales.com/reservaciones/juridica/3367/pa/online]
[gerenciales.com/img/eventos/thumbs/3385_mesa_de_trabajo_eta_th.jpg]
[gerenciales.com/reservaciones/incompany/3360/true]
[gerenciales.com/reservaciones/incompany/3385/true.html]
[gerenciales.com/eventos/ver/3385/etax-2-0-despeje-dudas-plataforma-tributaria-ayudas-expertos-panama]
[gerenciales.com/css/acordeonDiplomado/acordeondeda.css]
[gerenciales.com/reservaciones/natural/3368/pa/presencial]
[gerenciales.com/reservaciones/incompany/3368/true.html]
[gerenciales.com/reservaciones/natural/3402/pa/presencial.html]
[gerenciales.com/reservaciones/juridica/3368/pa/presencial]
[gerenciales.com/reservaciones/incompany/3402/true.html]
[gerenciales.com/site/empresa]
[gerenciales.com/incompany/solicitar_info/destacado.html]
[gerenciales.com/img/showcase/imgIncompany/finanzas.jpg]
[gerenciales.com/incompany/solicitar_info/gerencia.html]
[gerenciales.com/incompany/solicitar_info/leyes.html]
[gerenciales.com/incompany/solicitar_info/importacion.html]
[gerenciales.com/incompany/solicitar_info/negocios.html]
[gerenciales.com/incompany/solicitar_info/logistica.html]
[gerenciales.com/incompany/solicitar_info/rrhh.html]
[gerenciales.com/incompany/solicitar_info/tecnologia.html]
[gerenciales.com/incompany/solicitar_info/calidad.html]
[gerenciales.com/incompany]
[gerenciales.com/reservaciones/natural/3378/ve/presencial.html]
[gerenciales.com/img/facilitadores/carlos_acosta.jpg (1).jpg.jpg]
[gerenciales.com/reservaciones/incompany/3378/true.html]
[gerenciales.com/css/acordeonDiplomado/acordeonbdf2.css]
[gerenciales.com/reservaciones/juridica/3378/ve/presencial]
[gerenciales.com/reservaciones/incompany/3276/true.html]
[gerenciales.com/css/acordeonDiplomado/acordeonc7b8.css]
[gerenciales.com/site/modulosDiplomado/3276]
[gerenciales.com/img/lugares/imperial_aeropuerto.jpg]
[gerenciales.com/site/croquis/1]
[gerenciales.com/css/tabs.css]
[gerenciales.com/site/hoteles/valencia]
[gerenciales.com/pagos/ve/css/estilo2.css]
[gerenciales.com/reservaciones/incompany/3340/true.html]
[gerenciales.com/site/modulosDiplomado/3363]
[gerenciales.com/css/gridtable.css]
[gerenciales.com/pagos/terminos_cond/pa.html]
[gerenciales.com/pagos/panama/dep_tra]
[gerenciales.com/site/modulosDiplomado/3340]
[gerenciales.com/reservaciones/incompany/3291/true]
[gerenciales.com/css/acordeonDiplomado/acordeon4430.css]
[gerenciales.com/js/core_pagosae52.js]
[gerenciales.com/reservaciones/natural/3359/pa/presencial]
[gerenciales.com/reservaciones/incompany/3359/true]
[gerenciales.com/reservaciones/incompany/3370/true]
[gerenciales.com/reservaciones/natural/3370/ve/presencial]
[gerenciales.com/reservaciones/incompany/3327/true]
[gerenciales.com/reservaciones/juridica/3288/ve/presencial.html]
[gerenciales.com/img/eventos/thumbs/3327_pginas_web_en_tiempo_th2.jpg]
[gerenciales.com/reservaciones/natural/3288/ve/presencial]
[gerenciales.com/reservaciones/incompany/3288/true]
[gerenciales.com/reservaciones/juridica/3370/ve/presencial]
[gerenciales.com/reservaciones/natural/3372/ve/presencial]
[gerenciales.com/reservaciones/incompany/3372/true]
[gerenciales.com/reservaciones/juridica/3336/ve/presencial.html]
[gerenciales.com/reservaciones/natural/3374/ve/presencial]
[gerenciales.com/reservaciones/incompany/3374/true]
[gerenciales.com/img/eventos/3374_logstica_para_person_sl1.jpg]
[gerenciales.com/reservaciones/incompany/3336/true]
[gerenciales.com/reservaciones/natural/3336/ve/presencial]
[gerenciales.com/img/eventos/3329_interfaz_de_usuario_sl.jpg]
[gerenciales.com/reservaciones/juridica/3329/ve/presencial.html]
[gerenciales.com/eventos/ver/3329/interfaz-usuario-graficos-dinamicos-jquery-ui-charts-js-venezuela]
[gerenciales.com/reservaciones/natural/3376/ve/presencial]
[gerenciales.com/eventos/ver/3386/gestion-estrategica-balanced-scorecard-venezuela]
[gerenciales.com/img/facilitadores/Martin Herrera.jpg.jpg]
[gerenciales.com/reservaciones/juridica/3376/ve/presencial]
[gerenciales.com/reservaciones/natural/3400/ve/presencial]
[gerenciales.com/reservaciones/incompany/3400/true]
[gerenciales.com/css/acordeonDiplomado/acordeon1896.css]
[gerenciales.com/reservaciones/natural/3382/ve/presencial]
[gerenciales.com/reservaciones/juridica/3382/ve/presencial.html]
[gerenciales.com/reservaciones/incompany/3382/true.html]
[gerenciales.com/reservaciones/juridica/3379/ve/presencial]
[gerenciales.com/reservaciones/incompany/3379/true]
[gerenciales.com/reservaciones/natural/3388/ve/presencial.html]
[gerenciales.com/reservaciones/incompany/3388/true.html]
[gerenciales.com/reservaciones/natural/3315/ve/presencial]
[gerenciales.com/reservaciones/incompany/3315/true]
[gerenciales.com/reservaciones/natural/3338/ve/presencial.html]
[gerenciales.com/reservaciones/juridica/3338/ve/presencial]
[gerenciales.com/img/eventos/3390_gestin_de_finanzas_e_sl.jpg]
[gerenciales.com/reservaciones/natural/3390/ve/presencial]
[gerenciales.com/reservaciones/incompany/3390/true]
[gerenciales.com/reservaciones/natural/3393/ve/presencial.html]
[gerenciales.com/reservaciones/incompany/3393/true.html]
[gerenciales.com/css/acordeonDiplomado/acordeonc0a0.css]
[gerenciales.com/reservaciones/juridica/3395/ve/presencial]
[gerenciales.com/img/icons/flag_contact/venezuela.png]
[gerenciales.com/img/eventos/thumbs/3395_cmo_enfrentar_la_cri_th.jpg]
[gerenciales.com/css/font-awesome-4.6.1/fonts/fontawesome-webfontd41d.eot]
[gerenciales.com/css/images/ui-icons_222222_256x240.png]
[gerenciales.com/css/images/ui-bg_glass_65_ffffff_1x400.png]
[gerenciales.com/css/img/btn_left.gif]
[gerenciales.com/css/img/textarea/textarea_bm.gif]
[gerenciales.com/reservaciones/juridica/3399/ve/presencial]
[gerenciales.com/sala_online/prueba/3328.html]
[gerenciales.com/reservaciones/juridica/3292/ve/online.html]
[gerenciales.com/reservaciones/natural/3292/ve/online]
[gerenciales.com/img/eventos/3371_reenfoque_de_las_ope_sl.jpg]
[gerenciales.com/sala_online/prueba/3371.html]
[gerenciales.com/reservaciones/juridica/3371/ve/online.html]
[gerenciales.com/eventos/ver/3371/reenfoque-operaciones-almacenaje-distribucion-online-venezuela]
[gerenciales.com/sala_online/prueba/3289]
[gerenciales.com/reservaciones/juridica/3289/ve/online]
[gerenciales.com/eventos/ver/3373/como-elaborar-plan-negocios-online-venezuela]
[gerenciales.com/img/eventos/thumbs/3337_lean_manufacturing_th.jpg]
[gerenciales.com/img/eventos/3337_lean_manufacturing_sl.jpg]
[gerenciales.com/css/acordeonDiplomado/acordeon4dc2.css]
[gerenciales.com/sala_online/prueba/3337]
[gerenciales.com/reservaciones/natural/3337/ve/online.html]
[gerenciales.com/reservaciones/incompany/3337/true.html]
[gerenciales.com/img/eventos/3375_logstica_para_person_sl2.jpg]
[gerenciales.com/sala_online/prueba/3375]
[gerenciales.com/reservaciones/natural/3375/ve/online]
[gerenciales.com/reservaciones/juridica/3375/ve/online]
[gerenciales.com/eventos/ver/3330/interfaz-usuario-graficos-dinamicos-jquery-ui-charts-js-online-venezuela]
[gerenciales.com/css/base_eventos67ed.css]
[gerenciales.com/reservaciones/natural/3377/ve/online]
[gerenciales.com/reservaciones/incompany/3377/true]
[gerenciales.com/img/eventos/thumbs/3386_gestin_estratgica_y_th.jpg]
[gerenciales.com/reservaciones/natural/3387/ve/online.html]
[gerenciales.com/sala_online/prueba/3387]
[gerenciales.com/reservaciones/incompany/3387/true.html]
[gerenciales.com/reservaciones/natural/3401/ve/online]
[gerenciales.com/reservaciones/incompany/3401/true]
[gerenciales.com/reservaciones/natural/3383/ve/online.html]
[gerenciales.com/sala_online/prueba/3383]
[gerenciales.com/sala_online/prueba/3380]
[gerenciales.com/reservaciones/juridica/3380/ve/online]
[gerenciales.com/reservaciones/incompany/3383/true]
[gerenciales.com/reservaciones/natural/3389/ve/online]
[gerenciales.com/reservaciones/juridica/3381/ve/presencial.html]
[gerenciales.com/eventos/ver/3381/supervisor-hombre-clave-relaciones-laborales-venezuela]
[gerenciales.com/reservaciones/natural/3290/ve/presencial.html]
[gerenciales.com/reservaciones/incompany/3290/true.html]
[gerenciales.com/eventos/ver/3339/sixsigma-sus-ventajas-competitivas-online-venezuela]
[gerenciales.com/sala_online/prueba/3391]
[gerenciales.com/reservaciones/juridica/3391/ve/online]
[gerenciales.com/eventos/ver/3392/gestion-finanzas-negocios-venezuela]
[gerenciales.com/reservaciones/incompany/3317/true]
[gerenciales.com/css/acordeonDiplomado/acordeon820d.css]
[gerenciales.com/sala_online/prueba/3316]
[gerenciales.com/reservaciones/natural/3317/ve/presencial]
[gerenciales.com/reservaciones/juridica/3394/ve/online.html]
[gerenciales.com/reservaciones/natural/3398/ve/presencial]
[gerenciales.com/reservaciones/juridica/3398/ve/presencial]
[gerenciales.com/eventos/ver/3397/como-enfrentar-crisis-negocio-online-venezuela]
[gerenciales.com/css/acordeonDiplomado/acordeoned61.css]
[gerenciales.com/reservaciones/incompany/3366/true.html]
[gerenciales.com/reservaciones/natural/3394/ve/online]
[gerenciales.com/sala_online/prueba/3367]
[gerenciales.com/reservaciones/juridica/3367/pa/online]
[gerenciales.com/eventos/ver/3361/planilla-100-practico-panama]
[gerenciales.com/reservaciones/incompany/3360/true]
[gerenciales.com/css/acordeonDiplomado/acordeonb4ae.css]
[gerenciales.com/reservaciones/juridica/3290/ve/presencial]
[gerenciales.com/reservaciones/incompany/3385/true.html]
[gerenciales.com/reservaciones/natural/3385/pa/presencial]
[gerenciales.com/reservaciones/natural/3368/pa/presencial]
[gerenciales.com/reservaciones/juridica/3368/pa/presencial]
[gerenciales.com/eventos/ver/3369/itbms-contabilidad-retencion-declaracion-pago-agentes-retencion-retenidos-2016-online-panama]
[gerenciales.com/css/acordeonDiplomado/acordeon6d01.css]
[gerenciales.com/eventos/ver/3403/se-encuentra-su-empresa-preparada-para-resistir-alcance-auditoria-caja-seguro-social-online-panama]
[gerenciales.com/reservaciones/juridica/3366/pa/presencial]
[gerenciales.com/reservaciones/juridica/3385/pa/presencial]
[gerenciales.com/incompany/solicitar_info/destacado.html]
[gerenciales.com/img/showcase/salones67ed.jpg]
[gerenciales.com/incompany/solicitar_info/gerencia.html]
[gerenciales.com/incompany/solicitar_info/leyes.html]
[gerenciales.com/img/showcase/imgIncompany/destacado67ed.jpg]
[gerenciales.com/img/showcase/imgIncompany/leyes.jpg]
[gerenciales.com/img/showcase/imgIncompany/importacion.jpg]
[gerenciales.com/incompany/solicitar_info/importacion.html]
[gerenciales.com/incompany/solicitar_info/negocios.html]
[gerenciales.com/img/showcase/imgIncompany/logistica.jpg]
[gerenciales.com/incompany/solicitar_info/logistica.html]
[gerenciales.com/incompany/solicitar_info/rrhh.html]
[gerenciales.com/incompany/solicitar_info/tecnologia.html]
[gerenciales.com/incompany/solicitar_info/calidad.html]
[gerenciales.com/img/icons/rd.png]
[gerenciales.com/css/acordeonDiplomado/acordeonaa92.css]
[gerenciales.com/img/facilitadores/.jpg]
[gerenciales.com/reservaciones/juridica/3378/ve/presencial]
[gerenciales.com/site/modulosDiplomado/3276]
[gerenciales.com/css/base_eventos03ce.css]
[gerenciales.com/img/showcase/imgIncompany/calidad_productividad.jpg]
[gerenciales.com/css/960/reset.css]
[gerenciales.com/css/960/text.css]
[gerenciales.com/css/popups.css]
[gerenciales.com/css/modal.css]
[gerenciales.com/img/lugares/imperial_ptocabello.jpg]
[gerenciales.com/img/bgr/evento_tab.png]
[gerenciales.com/pagos/ve/images/head.jpg]
[gerenciales.com/pagos/ve/css/estilo5e1f.css]
[gerenciales.com/css/acordeonDiplomado/acordeon1c9a.css]
[gerenciales.com/site/modulosDiplomado/3340]
[gerenciales.com/css/acordeonDiplomado/acordeond079.css]
[gerenciales.com/css/base_pagos.css]
[gerenciales.com/img/facilitadores/gamero.png.png]
[gerenciales.com/reservaciones/natural/3291/ve/presencial]
[gerenciales.com/reservaciones/natural/3370/ve/presencial]
[gerenciales.com/reservaciones/juridica/3370/ve/presencial]
[gerenciales.com/reservaciones/incompany/3370/true]
[gerenciales.com/css/acordeonDiplomado/acordeon773d.css]
[gerenciales.com/reservaciones/natural/3288/ve/presencial]
[gerenciales.com/reservaciones/incompany/3288/true]
[gerenciales.com/img/eventos/3372_como_elaborar_un_pla_sl.jpg]
[gerenciales.com/img/eventos/3336_lean_manufacturing_sl.jpg]
[gerenciales.com/reservaciones/natural/3336/ve/presencial]
[gerenciales.com/reservaciones/incompany/3336/true]
[gerenciales.com/img/eventos/thumbs/3329_interfaz_de_usuario_th.jpg]
[gerenciales.com/reservaciones/juridica/3329/ve/presencial.html]
[gerenciales.com/reservaciones/incompany/3329/true]
[gerenciales.com/reservaciones/juridica/3376/ve/presencial]
[gerenciales.com/reservaciones/natural/3382/ve/presencial]
[gerenciales.com/img/eventos/3379_el_supervisor_hombre_sl.jpg]
[gerenciales.com/css/acordeonDiplomado/acordeond0bc.css]
[gerenciales.com/reservaciones/juridica/3388/ve/presencial]
[gerenciales.com/css/acordeonDiplomado/acordeon1c75.css]
[gerenciales.com/reservaciones/juridica/3338/ve/presencial]
[gerenciales.com/css/acordeonDiplomado/acordeon6485.css]
[gerenciales.com/reservaciones/incompany/3338/true]
[gerenciales.com/css/perfil_pri67ed.css]
[gerenciales.com/css/perfil_pri.css]
[gerenciales.com/site/modulosDiplomado/3399]
[gerenciales.com/css/acordeonDiplomado/acordeoncfe6.css]
[gerenciales.com/css/acordeonDiplomado/acordeonfa56.css]
[gerenciales.com/reservaciones/juridica/3393/ve/presencial]
[gerenciales.com/reservaciones/natural/3292/ve/online]
[gerenciales.com/sala_online/prueba/3292]
[gerenciales.com/sala_online/prueba/3371.html]
[gerenciales.com/reservaciones/juridica/3371/ve/online.html]
[gerenciales.com/sala_online/prueba/3337]
[gerenciales.com/reservaciones/incompany/3371/true]
[gerenciales.com/css/acordeonDiplomado/acordeona2ea.css]
[gerenciales.com/reservaciones/natural/3371/ve/online]
[gerenciales.com/reservaciones/juridica/3337/ve/online]
[gerenciales.com/img/bgr/nuestros_clientes.png]
[gerenciales.com/img/bgr/slider_nav.png]
[gerenciales.com/img/icons/arrow_l.png]
[gerenciales.com/css/base67ed.css]
[gerenciales.com/css/acordeonDiplomado/acordeon7f30.css]
[gerenciales.com/sala_online/prueba/3387]
[gerenciales.com/sala_online/prueba/3401]
[gerenciales.com/css/acordeonDiplomado/acordeon1203.css]
[gerenciales.com/sala_online/prueba/3383]
[gerenciales.com/js/lib/jquery-1.7.1.min.js]
[gerenciales.com/img/eventos/3386_gestin_estratgica_y_sl.jpg]
[gerenciales.com/reservaciones/juridica/3387/ve/online]
[gerenciales.com/reservaciones/juridica/3383/ve/online]
[gerenciales.com/reservaciones/incompany/3383/true]
[gerenciales.com/reservaciones/incompany/3380/true]
[gerenciales.com/css/acordeonDiplomado/acordeon8516.css]
[gerenciales.com/css/acordeonDiplomado/acordeonda27.css]
[gerenciales.com/reservaciones/juridica/3381/ve/presencial.html]
[gerenciales.com/reservaciones/natural/3381/ve/presencial]
[gerenciales.com/css/acordeonDiplomado/acordeon74bd.css]
[gerenciales.com/reservaciones/juridica/3290/ve/presencial]
[gerenciales.com/sala_online/prueba/3316]
[gerenciales.com/reservaciones/natural/3317/ve/presencial]
[gerenciales.com/reservaciones/natural/3394/ve/online]
[gerenciales.com/reservaciones/incompany/3381/true]
[gerenciales.com/reservaciones/juridica/3366/pa/presencial]
[gerenciales.com/css/acordeonDiplomado/acordeon80e2.css]
[gerenciales.com/sala_online/prueba/3360]
[gerenciales.com/reservaciones/natural/3385/pa/presencial]
[gerenciales.com/reservaciones/juridica/3385/pa/presencial]
[gerenciales.com/img/eventos/3368_itbms_contabilidad_sl.jpg]
[gerenciales.com/reservaciones/juridica/3402/pa/presencial]
[gerenciales.com/reservaciones/incompany/3394/true]
[gerenciales.com/img/showcase/imgIncompany/gerencia.jpg]
[gerenciales.com/incompany/solicitar_info/finanzas]
[gerenciales.com/img/eventos/thumbs/3128_hiper_excel_th1.jpg]
[gerenciales.com/img/showcase/imgIncompany/rrhh67ed.jpg]
[gerenciales.com/img/lugares/imperial_viacaracas.jpg]
[gerenciales.com/css/960/960.css]
[gerenciales.com/pagos/terminos_cond/ve]
[gerenciales.com/css/acordeonDiplomado/acordeonb93f.css]
[gerenciales.com/css/acordeonDiplomado/acordeon5c66.css]
[gerenciales.com/css/acordeonDiplomado/acordeon101b.css]
[gerenciales.com/reservaciones/incompany/3329/true]
[gerenciales.com/eventos/ver/3384/documentacion-para-sistemas-gestion-iso-9001-iso-14001-osha-18001-venezuela]
[gerenciales.com/reservaciones/juridica/3388/ve/presencial]
[gerenciales.com/css/acordeonDiplomado/acordeonfdd6.css]
[gerenciales.com/reservaciones/incompany/3338/true]
[gerenciales.com/img/eventos/3393_gestin_tributaria_de_sl.jpg]
[gerenciales.com/img/banners/bgr_hdr_centro_de_pagos.jpg]
[gerenciales.com/reservaciones/juridica/3393/ve/presencial]
[gerenciales.com/reservaciones/incompany/3328/true]
[gerenciales.com/sala_online/prueba/3292]
[gerenciales.com/reservaciones/incompany/3292/true]
[gerenciales.com/reservaciones/natural/3329/ve/presencial]
[gerenciales.com/reservaciones/natural/3371/ve/online]
[gerenciales.com/reservaciones/incompany/3371/true]
[gerenciales.com/reservaciones/juridica/3337/ve/online]
[gerenciales.com/img/banners/banderas/rd.png]
[gerenciales.com/img/banners/banderas/la.png]
[gerenciales.com/img/bgr/notas_box.png]
[gerenciales.com/reservaciones/juridica/3387/ve/online]
[gerenciales.com/reservaciones/juridica/3383/ve/online]
[gerenciales.com/img/eventos/thumbs/1254_el_supervisor_hombre_th.jpg]
[gerenciales.com/reservaciones/natural/3381/ve/presencial]
[gerenciales.com/reservaciones/incompany/3381/true]
[gerenciales.com/sala_online/prueba/3394]
[gerenciales.com/reservaciones/incompany/3394/true]
[gerenciales.com/reservaciones/natural/3366/pa/presencial]
[gerenciales.com/img/eventos/3385_etax_20_despeje_duda_sl.jpg]
[gerenciales.com/incompany/solicitar_info/finanzas]
[gerenciales.com/img/showcase/imgIncompany/negocios.jpg]
[gerenciales.com/img/showcase/imgIncompany/tecnologia.jpg]
[gerenciales.com/pagos/ve/css/images/ui-icons_222222_256x240.html]
[gerenciales.com/pagos/ve/css/images/ui-bg_flat_0_aaaaaa_40x100.png]
[gerenciales.com/pagos/ve/css/images/ui-bg_glass_75_ffffff_1x400.png]
[gerenciales.com/pagos/ve/css/images/ui-bg_highlight-soft_75_cccccc_1x100.html]
[gerenciales.com/pagos/ve/css/images/ui-bg_glass_75_e6e6e6_1x400.png]
[gerenciales.com/pagos/ve/css/images/ui-bg_glass_75_dadada_1x400.html]
[gerenciales.com/pagos/ve/css/images/ui-bg_glass_65_ffffff_1x400.png]
[gerenciales.com/pagos/ve/css/images/ui-bg_glass_55_fbf9ee_1x400.html]
[gerenciales.com/pagos/ve/css/images/ui-bg_inset-soft_95_fef1ec_1x100.png]
[gerenciales.com/pagos/ve/css/images/ui-icons_888888_256x240.html]
[gerenciales.com/pagos/ve/css/images/ui-icons_2e83ff_256x240.png]
[gerenciales.com/pagos/ve/css/images/ui-icons_cd0a0a_256x240.html]
[gerenciales.com/pagos/ve/css/images/ui-icons_454545_256x240.png]
[gerenciales.com/pagos/ve/css/img/btn_right.html]
[gerenciales.com/pagos/ve/css/img/btn_left.gif]
[gerenciales.com/pagos/ve/css/img/input/input_text_left.html]
[gerenciales.com/pagos/ve/css/img/input/input_text_right.gif]
[gerenciales.com/pagos/ve/css/img/textarea/textarea_tl.html]
[gerenciales.com/pagos/ve/css/img/textarea/textarea_tm.gif]
[gerenciales.com/pagos/ve/css/img/textarea/textarea_tr.html]
[gerenciales.com/pagos/ve/css/img/textarea/textarea_ml.gif]
[gerenciales.com/pagos/ve/css/img/textarea/textarea-mm.html]
[gerenciales.com/pagos/ve/css/img/textarea/textarea_mr.gif]
[gerenciales.com/pagos/ve/css/img/textarea/textarea_bl.html]
[gerenciales.com/pagos/ve/css/img/textarea/textarea_bm.gif]
[gerenciales.com/pagos/ve/css/img/textarea/textarea_br.html]
[gerenciales.com/pagos/ve/css/img/textarea/textarea-mm-hover.gif]
[gerenciales.com/pagos/ve/css/img/textarea/textarea-mm-focus.html]
[gerenciales.com/pagos/ve/css/img/radio.gif]
[gerenciales.com/pagos/ve/css/img/checkbox.html]
[gerenciales.com/pagos/ve/css/img/select_left.gif]
[gerenciales.com/pagos/ve/css/img/select_right.html]
[gerenciales.com/reservaciones/natural/3329/ve/presencial]
[gerenciales.com/css/acordeonDiplomado/acordeon9a8a.css]
[gerenciales.com/img/eventos/1254_el_supervisor_hombre_sl.jpg]
[gerenciales.com/img/banners/banderas/ve.png]
[gerenciales.com/img/bgr/slider.png]
[gerenciales.com/img/icons/arrow_r.png]
[gerenciales.com/img/banners/banderas/pa.png]
