[backblue.gif]
[fade.gif]
[index.html]
[netdna.bootstrapcdn.com/bootstrap/3.1.1/css/bootstrap.min.css]
[www.google-analytics.com/analytics.js]
[d3hdz4r8kacav0.cloudfront.net/images/itmc-logo.png]
[d3hdz4r8kacav0.cloudfront.net/uploads/2015/08/18182a752e3b9c9aca1e7856411beed8.png]
[d3hdz4r8kacav0.cloudfront.net/uploads/2015/08/472c8ff9f9751227a9367e1202bc02b6.png]
[d3hdz4r8kacav0.cloudfront.net/uploads/2015/08/c53f73d6e22a39a24bd53a18587c29a9.png]
[d3hdz4r8kacav0.cloudfront.net/uploads/2015/08/900f8cff9e2df47567a640e15f7cf72d.png]
[d3hdz4r8kacav0.cloudfront.net/uploads/2015/08/869c2d6f242d741817ff4faa7c092811.png]
[d3hdz4r8kacav0.cloudfront.net/uploads/2016/01/iOS-8-Logo-2.png]
[d3hdz4r8kacav0.cloudfront.net/uploads/2015/08/a8a22679567190aba370dfa1fa33b807.png]
[d3hdz4r8kacav0.cloudfront.net/uploads/2015/08/801e3dc6bc8c5d2188947eb407f3eec7.png]
[d3hdz4r8kacav0.cloudfront.net/uploads/2015/08/e2840e676678df7b200e936625273882.png]
[d3hdz4r8kacav0.cloudfront.net/uploads/2015/08/c94fb72598d76dccc8c8865c3cd56daf.png]
[d3hdz4r8kacav0.cloudfront.net/uploads/2015/08/dffd06a6dbf9a16203d11a7e2af93e82.png]
[d3hdz4r8kacav0.cloudfront.net/uploads/2015/08/3e52bc1537d52d40ed15fc96a4a8ad14.png]
[d3hdz4r8kacav0.cloudfront.net/uploads/2015/08/efd305e52bd6280a5b28a3ce6f82de34.png]
[d3hdz4r8kacav0.cloudfront.net/uploads/2015/08/beefb5887823886738e41c7cda8d9181.png]
[d3hdz4r8kacav0.cloudfront.net/uploads/2015/08/a2afcac1dc05a66971cf0921a8544688.png]
[d3hdz4r8kacav0.cloudfront.net/uploads/2015/08/e62d146c4e31f34b95d321d1eb3b7b78.png]
[d3hdz4r8kacav0.cloudfront.net/uploads/2015/08/05d89ad36ed20c4aadfc790aa86cbcff.png]
[d3hdz4r8kacav0.cloudfront.net/uploads/2015/08/af10d3ccb99d8e378303f1e6e558dc26.png]
[d3hdz4r8kacav0.cloudfront.net/uploads/2015/08/quickbooks-logo.png]
[d3hdz4r8kacav0.cloudfront.net/uploads/2015/08/1303531b2bea7204cf929f8169f32f4b.png]
[d3hdz4r8kacav0.cloudfront.net/uploads/2015/08/f1cd1355b0271549d4fd59914fdc8356.png]
[d3hdz4r8kacav0.cloudfront.net/uploads/slider/icons/osxecwallpaper.jpg]
[d3hdz4r8kacav0.cloudfront.net/uploads/slider/icons/osx_upgrade_icon_large.png]
[d3hdz4r8kacav0.cloudfront.net/uploads/slider/backgrounds/Yosemite_Banner2.jpg]
[d3hdz4r8kacav0.cloudfront.net/uploads/slider/logo/Server-Icon-e1419361313633.png]
[d3hdz4r8kacav0.cloudfront.net/uploads/slider/backgrounds/iosbackground.jpg]
[d3hdz4r8kacav0.cloudfront.net/uploads/slider/icons/hero_icon_large.png]
[d3hdz4r8kacav0.cloudfront.net/uploads/slider/backgrounds/solutions.jpg]
[d3hdz4r8kacav0.cloudfront.net/uploads/slider/backgrounds/training.jpg]
[d3hdz4r8kacav0.cloudfront.net/images/home/comptia.png]
[d3hdz4r8kacav0.cloudfront.net/images/home/apple_training_center.png]
[d3hdz4r8kacav0.cloudfront.net/images/home/adobe_training_center.png]
[d3hdz4r8kacav0.cloudfront.net/images/home/microsoft.png]
[d3hdz4r8kacav0.cloudfront.net/images/home/Consultnts_Ntwrk_Blk_2ln.png]
[d3hdz4r8kacav0.cloudfront.net/images/companies/HBO.png]
[d3hdz4r8kacav0.cloudfront.net/images/companies/Canon.png]
[d3hdz4r8kacav0.cloudfront.net/images/companies/Discovery_Channel.png]
[d3hdz4r8kacav0.cloudfront.net/images/companies/tm_master_large_id_rgb.png]
[d3hdz4r8kacav0.cloudfront.net/images/companies/uci_vt_pos_rgb.png]
[d3hdz4r8kacav0.cloudfront.net/images/companies/miami_dade_college.png]
[d3hdz4r8kacav0.cloudfront.net/images/companies/fiu_panthers_logo.png]
[d3hdz4r8kacav0.cloudfront.net/images/companies/University_of_Miami_Hurricanes.png]
[d3hdz4r8kacav0.cloudfront.net/images/home/register.png]
[d3hdz4r8kacav0.cloudfront.net/images/home/attend.png]
[d3hdz4r8kacav0.cloudfront.net/images/home/schedule.png]
[d3hdz4r8kacav0.cloudfront.net/images/home/wait_for_us.png]
[d3hdz4r8kacav0.cloudfront.net/images/flags/florida.png]
[goitmc.com/images/home/comodo_secure_113x59_transp.png]
[d3hdz4r8kacav0.cloudfront.net/images/home/credibility_pci-logo_113x59.png]
[www.insureon.com/quote/images/verified/verified-stamp_Small.jpg]
[cdn.jsdelivr.net/animatecss/2.1.0/animate.min.css]
[maxcdn.bootstrapcdn.com/font-awesome/4.4.0/css/font-awesome.min.css]
[use.typekit.net/snu8wfm.js]
[ajax.googleapis.com/ajax/libs/jquery/2.1.3/jquery.min.js]
[js.gleam.io/oi-qauHsnx.js]
[netdna.bootstrapcdn.com/bootstrap/3.1.1/js/bootstrap.min.js]
[d3hdz4r8kacav0.cloudfront.net/js/jquery.viewportchecker.min.js]
[d3hdz4r8kacav0.cloudfront.net/js/itmc.js]
[s3.amazonaws.com/downloads.mailchimp.com/js/mc-validate.js]
[goitmc.com/index.html]
[netdna.bootstrapcdn.com/bootstrap/3.1.1/css/bootstrap.min.css]
[d3hdz4r8kacav0.cloudfront.net/eventum/css/public.css]
[d3hdz4r8kacav0.cloudfront.net/images/backgrounds/calendar.png]
[d3hdz4r8kacav0.cloudfront.net/images/forcsfinal-black.png]
[d3hdz4r8kacav0.cloudfront.net/images/map.jpg]
[d3hdz4r8kacav0.cloudfront.net/css/itmc.css]
[d3hdz4r8kacav0.cloudfront.net/images/gears.png]
[d3hdz4r8kacav0.cloudfront.net/css/gear.css]
[goitmc.com/managed-it.html]
[goitmc.com/hosting.html]
[goitmc.com/consulting.html]
[goitmc.com/mobility.html]
[goitmc.com/uploads/2016/02/osxecwallpaper.jpg]
[goitmc.com/uploads/2016/02/OS_X_El_Capitan_logo.png]
[d3hdz4r8kacav0.cloudfront.net/images/training/User-Avatar-36.png]
[d3hdz4r8kacav0.cloudfront.net/images/training/SEO-44-e1409004455741.png]
[d3hdz4r8kacav0.cloudfront.net/images/training/SEO-06-e1409003812707.png]
[d3hdz4r8kacav0.cloudfront.net/images/training/SEO-01-e1409004430768.png]
[d3hdz4r8kacav0.cloudfront.net/images/training/Web_essentials-part2-43.png]
[goitmc.com/images/training/SEO-30.png]
[goitmc.com/images/training/Education_Science-01.png]
[goitmc.com/images/training/Multimedia-08.png]
[goitmc.com/images/training/SEO-16.png]
[goitmc.com/images/training/Food-icons_30-19.png]
[goitmc.com/images/training/Education_Science-10.png]
[goitmc.com/uploads/2015/08/c53f73d6e22a39a24bd53a18587c29a9.png]
[goitmc.com/uploads/2016/07/icon_large.png]
[goitmc.com/images/training/why/Office-11-2.png]
[goitmc.com/images/training/why/SEO-18-2.png]
[goitmc.com/images/training/why/Numbers-03-2.png]
[goitmc.com/training/apple/os-x-support-essentials.html]
[goitmc.com/uploads/2015/08/547626aea847c86cc5a47e5a8c88c815.jpg]
[goitmc.com/uploads/2015/08/472c8ff9f9751227a9367e1202bc02b6.png]
[d3hdz4r8kacav0.cloudfront.net/images/training/Technology-04-e1409006626983.png]
[d3hdz4r8kacav0.cloudfront.net/images/training/SEO-04-e1409006518109.png]
[d3hdz4r8kacav0.cloudfront.net/images/training/Technology-16-e1409006667664.png]
[d3hdz4r8kacav0.cloudfront.net/images/training/Technology-18-e1409006719626.png]
[goitmc.com/training/apple/os-x-server-essentials.html]
[goitmc.com/training/apple/mac-integration-basics.html]
[goitmc.com/uploads/2015/08/ced0e807b7c10580cb5fe505f3dc9da9.jpg]
[goitmc.com/images/training/Web_essentials-part2-12.png]
[goitmc.com/uploads/2015/08/900f8cff9e2df47567a640e15f7cf72d.png]
[goitmc.com/uploads/2015/08/869c2d6f242d741817ff4faa7c092811.png]
[goitmc.com/training/apple/logic-pro.html]
[goitmc.com/uploads/2015/08/c54ed5ff7e7b066978cd3abaae590557.png]
[d3hdz4r8kacav0.cloudfront.net/images/training/droppedImage-e1409007593780.png]
[d3hdz4r8kacav0.cloudfront.net/images/training/Breakthrough-v1.1.png]
[d3hdz4r8kacav0.cloudfront.net/images/training/Revolutionary-Editing-v1-e1409007697963.png]
[d3hdz4r8kacav0.cloudfront.net/images/training/Audition-HUD-v4-B1-e1409007792149.png]
[d3hdz4r8kacav0.cloudfront.net/images/training/Icon_Effortless3D_v0-e1409007839135.png]
[d3hdz4r8kacav0.cloudfront.net/images/training/Icon_NativeFormatSupport_031213-e1409007890545.png]
[goitmc.com/training/apple/final-cut-pro-x.html]
[goitmc.com/training/apple/technician-training.html]
[goitmc.com/uploads/2015/08/18182a752e3b9c9aca1e7856411beed8.png]
[goitmc.com/training/apple/mac-integration-certification.html]
[goitmc.com/uploads/2016/07/whats_new_large.jpg]
[goitmc.com/training/apple/ios-technician-training.html]
[goitmc.com/training/adobe/photoshop/index.html]
[goitmc.com/training/adobe/lightroom/index.html]
[goitmc.com/training/adobe/illustrator/index.html]
[goitmc.com/training/adobe/indesign/index.html]
[goitmc.com/training/adobe/dreamweaver/index.html]
[goitmc.com/training/adobe/muse/index.html]
[goitmc.com/training/adobe/premiere-pro/index.html]
[goitmc.com/training/adobe/after-effects/index.html]
[goitmc.com/training/microsoft/windows-essentials/index.html]
[goitmc.com/training/microsoft/office-365/index.html]
[goitmc.com/training/microsoft/office-for-mac/index.html]
[goitmc.com/training/autodesk/autocad/index.html]
[goitmc.com/training/avid/pro-tools/index.html]
[goitmc.com/training/avid/motion-composer/index.html]
[d3hdz4r8kacav0.cloudfront.net/eventum/js/moment.min.js]
[d3hdz4r8kacav0.cloudfront.net/eventum/js/fullcalendar.min.js]
[d3hdz4r8kacav0.cloudfront.net/eventum/js/eventumCalendar.js]
[goitmc.com/training-calendar.html]
[goitmc.com/blog.html]
[goitmc.com/images/about/person.png]
[goitmc.com/images/about/background-location.jpg]
[goitmc.com/images/about/aGVjdG9yX3Bob3Rv.jpg]
[goitmc.com/images/about/Y2VzYXJfcGhvdG8.jpg]
[goitmc.com/images/about/ZGlub19waG90bw.jpg]
[goitmc.com/images/about/Z2FieV9waG90bw.jpg]
[goitmc.com/about.html]
[goitmc.com/account/login.html]
[www.google.com/recaptcha/api.js]
[goitmc.com/contact.html]
[goitmc.com/training-calendar/index.html]
[goitmc.com/training/apple/ios-technician-training/index.html]
[goitmc.com/training/apple/ios-technical-training-mobility/index.html]
[goitmc.com/images/locations/5632957157_abc59870b4_o.jpg]
[goitmc.com/locations.html]
[goitmc.com/images/locations/miami/Quality-Inn-Miami-Airport-Hotel-2.jpg]
[goitmc.com/images/locations/miami/Hyatt-Place-Miami-Airport-West-Doral.jpg]
[goitmc.com/images/locations/miami/Hampton-Inn-Miami-Airport-West-Doral-Area.jpg]
[goitmc.com/images/locations/miami/Holiday-Inn-Express-Miami-Airport-Doral-Area.jpg]
[goitmc.com/images/locations/miami/Hilton-Garden-Inn-Miami-FL-Airport-West-Hotel.jpg]
[goitmc.com/locations/miami/nearby-accommodations.html]
[goitmc.com/partners.html]
[goitmc.com/testimonials.html]
[goitmc.com/faq.html]
[goitmc.com/programs/corporate.html]
[goitmc.com/terms-conditions.html]
[goitmc.com/student-agreement.html]
[goitmc.com/privacy-policy.html]
[goitmc.com/franchise-information.html]
[goitmc.com/training/adobe.html]
[goitmc.com/uploads/2015/08/ed891d847f33a85fc434697f4d5621ce.jpg]
[goitmc.com/uploads/2015/08/a8a22679567190aba370dfa1fa33b807.png]
[d3hdz4r8kacav0.cloudfront.net/images/training/User-Avatar-33.png]
[d3hdz4r8kacav0.cloudfront.net/images/training/Graphic-Design-Tools_36-14.png]
[d3hdz4r8kacav0.cloudfront.net/images/training/Graphic-Design-Tools_36-13.png]
[d3hdz4r8kacav0.cloudfront.net/images/training/User-Avatar-47.png]
[d3hdz4r8kacav0.cloudfront.net/images/training/Graphic-Design-Tools_36-17.png]
[d3hdz4r8kacav0.cloudfront.net/images/training/Web_essentials-part2-12.png]
[goitmc.com/uploads/2015/08/c94fb72598d76dccc8c8865c3cd56daf.png]
[goitmc.com/uploads/2015/08/efd305e52bd6280a5b28a3ce6f82de34.png]
[goitmc.com/uploads/2015/08/3e52bc1537d52d40ed15fc96a4a8ad14.png]
[goitmc.com/training/adobe/photoshop.html]
[goitmc.com/uploads/2015/08/801e3dc6bc8c5d2188947eb407f3eec7.png]
[goitmc.com/uploads/2015/08/e2840e676678df7b200e936625273882.png]
[goitmc.com/training/adobe/lightroom.html]
[goitmc.com/uploads/2015/08/beefb5887823886738e41c7cda8d9181.png]
[goitmc.com/training/adobe/illustrator.html]
[goitmc.com/training/adobe/indesign.html]
[goitmc.com/uploads/2015/08/dffd06a6dbf9a16203d11a7e2af93e82.png]
[goitmc.com/training/adobe/dreamweaver.html]
[goitmc.com/training/adobe/muse.html]
[goitmc.com/training/adobe/premiere-pro.html]
[goitmc.com/training/adobe/after-effects.html]
[goitmc.com/training/apple.html]
[goitmc.com/training/apple/final-cut-pro.html]
[goitmc.com/training/apple/motion.html]
[goitmc.com/training/microsoft.html]
[goitmc.com/training/microsoft/windows-8-essentials.html]
[goitmc.com/training/microsoft/office-365.html]
[goitmc.com/training/microsoft/office-for-mac.html]
[goitmc.com/training/autodesk.html]
[goitmc.com/training/autodesk/autocad.html]
[goitmc.com/training/avid.html]
[goitmc.com/training/avid/motion-composer.html]
[goitmc.com/training/avid/pro-tools.html]
[goitmc.com/training/intuit/quickbooks.html]
[cdn.jsdelivr.net/animatecss/2.1.0/animate.min.css]
[maxcdn.bootstrapcdn.com/font-awesome/4.4.0/css/font-awesome.min.css]
[goitmc.com/training/apple/ios-technical-training-mobility.html]
[d3hdz4r8kacav0.cloudfront.net/uploads/2016/02/osxecwallpaper.jpg]
[goitmc.com/courses/registration/makNxGjQ.html]
[goitmc.com/courses/registration/7Y3Wyy6D.html]
[goitmc.com/courses/registration/0GdeoPEK.html]
[goitmc.com/courses/registration/1NRVxPAp.html]
[goitmc.com/courses/registration/R81akELk.html]
[goitmc.com/training/apple/ios-bootcamp.html]
[d3hdz4r8kacav0.cloudfront.net/uploads/2015/08/547626aea847c86cc5a47e5a8c88c815.jpg]
[goitmc.com/courses/registration/Wn98g6Ao.html]
[goitmc.com/courses/registration/o7Lv5YBq.html]
[goitmc.com/courses/registration/PxQRqz42.html]
[d3hdz4r8kacav0.cloudfront.net/uploads/2015/08/ced0e807b7c10580cb5fe505f3dc9da9.jpg]
[goitmc.com/courses/registration/xbNgEDZq.html]
[goitmc.com/courses/registration/8wbJaQR3.html]
[d3hdz4r8kacav0.cloudfront.net/uploads/2015/08/c54ed5ff7e7b066978cd3abaae590557.png]
[goitmc.com/courses/registration/5ZKQGnlb.html]
[goitmc.com/courses/registration/pXjQNnQa.html]
[goitmc.com/courses/registration/9a3k0wQL.html]
[goitmc.com/courses/registration/4x7wK7g6.html]
[goitmc.com/courses/registration/L0Em1EMD.html]
[goitmc.com/courses/registration/N91zb81B.html]
[goitmc.com/courses/registration/wQ1QQ213.html]
[goitmc.com/training/apple/mac-management-basics.html]
[goitmc.com/courses/registration/QJR6naR3.html]
[goitmc.com/courses/registration/EVqLQa5d.html]
[goitmc.com/courses/registration/GJDKpa9b.html]
[goitmc.com/courses/registration/akQejLGv.html]
[d3hdz4r8kacav0.cloudfront.net/uploads/2016/07/whats_new_large.jpg]
[goitmc.com/courses/registration/grLaBEW1.html]
[goitmc.com/training/microsoft/windows-essentials.html]
[d3hdz4r8kacav0.cloudfront.net/eventum/css/fullcalendar.min.css]
[goitmc.com/account/register.html]
[goitmc.com/privacy-policy/index.html]
[goitmc.com/terms-conditions/index.html]
[goitmc.com/goITMC.html]
[d3hdz4r8kacav0.cloudfront.net/css/step.css]
[d3hdz4r8kacav0.cloudfront/images/training/User-Avatar-33.png]
[d3hdz4r8kacav0.cloudfront/images/training/User-Avatar-36.png]
[d3hdz4r8kacav0.cloudfront/images/training/User-Avatar-47.png]
[d3hdz4r8kacav0.cloudfront/images/training/Graphic-Design-Tools_36-17.png]
